C:\Users\Umair\Documents\SQEPROJECT\d4\JtProject\src\main\java\com\jtspringproject\JtSpringProject\models\Product.java
C:\Users\Umair\Documents\SQEPROJECT\d4\JtProject\src\main\java\com\jtspringproject\JtSpringProject\models\Cart.java
C:\Users\Umair\Documents\SQEPROJECT\d4\JtProject\src\main\java\com\jtspringproject\JtSpringProject\models\Category.java
C:\Users\Umair\Documents\SQEPROJECT\d4\JtProject\src\main\java\com\jtspringproject\JtSpringProject\services\categoryService.java
C:\Users\Umair\Documents\SQEPROJECT\d4\JtProject\src\main\java\com\jtspringproject\JtSpringProject\HibernateConfiguration.java
C:\Users\Umair\Documents\SQEPROJECT\d4\JtProject\src\main\java\com\jtspringproject\JtSpringProject\dao\userDao.java
C:\Users\Umair\Documents\SQEPROJECT\d4\JtProject\src\main\java\com\jtspringproject\JtSpringProject\services\cartService.java
C:\Users\Umair\Documents\SQEPROJECT\d4\JtProject\src\main\java\com\jtspringproject\JtSpringProject\dao\cartDao.java
C:\Users\Umair\Documents\SQEPROJECT\d4\JtProject\src\main\java\com\jtspringproject\JtSpringProject\services\productService.java
C:\Users\Umair\Documents\SQEPROJECT\d4\JtProject\src\main\java\com\jtspringproject\JtSpringProject\controller\UserController.java
C:\Users\Umair\Documents\SQEPROJECT\d4\JtProject\src\main\java\com\jtspringproject\JtSpringProject\dao\productDao.java
C:\Users\Umair\Documents\SQEPROJECT\d4\JtProject\src\main\java\com\jtspringproject\JtSpringProject\dao\categoryDao.java
C:\Users\Umair\Documents\SQEPROJECT\d4\JtProject\src\main\java\com\jtspringproject\JtSpringProject\services\userService.java
C:\Users\Umair\Documents\SQEPROJECT\d4\JtProject\src\main\java\com\jtspringproject\JtSpringProject\controller\AdminController.java
C:\Users\Umair\Documents\SQEPROJECT\d4\JtProject\src\main\java\com\jtspringproject\JtSpringProject\JtSpringProjectApplication.java
C:\Users\Umair\Documents\SQEPROJECT\d4\JtProject\src\main\java\com\jtspringproject\JtSpringProject\models\User.java
